14:49:50: [INFO] [C:\Users\chris\warg-autonomy-bootcamp\autonomy-bootcamp-2025-p2\modules\heartbeat\heartbeat_receiver_worker.py | heartbeat_receiver_worker | 48] Logger initialized
14:49:50: [INFO] [C:\Users\chris\warg-autonomy-bootcamp\autonomy-bootcamp-2025-p2\modules\heartbeat\heartbeat_receiver.py | run | 50] Heartbeat message received
14:49:50: [INFO] [C:\Users\chris\warg-autonomy-bootcamp\autonomy-bootcamp-2025-p2\modules\heartbeat\heartbeat_receiver.py | run | 50] Heartbeat message received
14:49:51: [INFO] [C:\Users\chris\warg-autonomy-bootcamp\autonomy-bootcamp-2025-p2\modules\heartbeat\heartbeat_receiver.py | run | 50] Heartbeat message received
14:49:52: [INFO] [C:\Users\chris\warg-autonomy-bootcamp\autonomy-bootcamp-2025-p2\modules\heartbeat\heartbeat_receiver.py | run | 50] Heartbeat message received
14:49:53: [WARNING] [C:\Users\chris\warg-autonomy-bootcamp\autonomy-bootcamp-2025-p2\modules\heartbeat\heartbeat_receiver.py | run | 53] 1 heartbeat(s) missed
14:49:53: [WARNING] [C:\Users\chris\warg-autonomy-bootcamp\autonomy-bootcamp-2025-p2\modules\heartbeat\heartbeat_receiver_worker.py | heartbeat_receiver_worker | 68] Failed to receive Heartbeat
14:49:53: [INFO] [C:\Users\chris\warg-autonomy-bootcamp\autonomy-bootcamp-2025-p2\modules\heartbeat\heartbeat_receiver.py | run | 50] Heartbeat message received
14:49:54: [WARNING] [C:\Users\chris\warg-autonomy-bootcamp\autonomy-bootcamp-2025-p2\modules\heartbeat\heartbeat_receiver.py | run | 53] 1 heartbeat(s) missed
14:49:54: [WARNING] [C:\Users\chris\warg-autonomy-bootcamp\autonomy-bootcamp-2025-p2\modules\heartbeat\heartbeat_receiver_worker.py | heartbeat_receiver_worker | 68] Failed to receive Heartbeat
14:49:55: [WARNING] [C:\Users\chris\warg-autonomy-bootcamp\autonomy-bootcamp-2025-p2\modules\heartbeat\heartbeat_receiver.py | run | 53] 2 heartbeat(s) missed
14:49:55: [WARNING] [C:\Users\chris\warg-autonomy-bootcamp\autonomy-bootcamp-2025-p2\modules\heartbeat\heartbeat_receiver_worker.py | heartbeat_receiver_worker | 68] Failed to receive Heartbeat
14:49:56: [WARNING] [C:\Users\chris\warg-autonomy-bootcamp\autonomy-bootcamp-2025-p2\modules\heartbeat\heartbeat_receiver.py | run | 53] 3 heartbeat(s) missed
14:49:56: [WARNING] [C:\Users\chris\warg-autonomy-bootcamp\autonomy-bootcamp-2025-p2\modules\heartbeat\heartbeat_receiver_worker.py | heartbeat_receiver_worker | 68] Failed to receive Heartbeat
14:49:57: [WARNING] [C:\Users\chris\warg-autonomy-bootcamp\autonomy-bootcamp-2025-p2\modules\heartbeat\heartbeat_receiver.py | run | 53] 4 heartbeat(s) missed
14:49:57: [WARNING] [C:\Users\chris\warg-autonomy-bootcamp\autonomy-bootcamp-2025-p2\modules\heartbeat\heartbeat_receiver_worker.py | heartbeat_receiver_worker | 68] Failed to receive Heartbeat
14:49:58: [WARNING] [C:\Users\chris\warg-autonomy-bootcamp\autonomy-bootcamp-2025-p2\modules\heartbeat\heartbeat_receiver.py | run | 53] 5 heartbeat(s) missed
14:49:58: [WARNING] [C:\Users\chris\warg-autonomy-bootcamp\autonomy-bootcamp-2025-p2\modules\heartbeat\heartbeat_receiver.py | run | 56] Drone Disconnected
14:49:58: [WARNING] [C:\Users\chris\warg-autonomy-bootcamp\autonomy-bootcamp-2025-p2\modules\heartbeat\heartbeat_receiver_worker.py | heartbeat_receiver_worker | 68] Failed to receive Heartbeat
14:49:59: [WARNING] [C:\Users\chris\warg-autonomy-bootcamp\autonomy-bootcamp-2025-p2\modules\heartbeat\heartbeat_receiver.py | run | 53] 6 heartbeat(s) missed
14:49:59: [WARNING] [C:\Users\chris\warg-autonomy-bootcamp\autonomy-bootcamp-2025-p2\modules\heartbeat\heartbeat_receiver.py | run | 56] Drone Disconnected
14:49:59: [WARNING] [C:\Users\chris\warg-autonomy-bootcamp\autonomy-bootcamp-2025-p2\modules\heartbeat\heartbeat_receiver_worker.py | heartbeat_receiver_worker | 68] Failed to receive Heartbeat
14:50:00: [WARNING] [C:\Users\chris\warg-autonomy-bootcamp\autonomy-bootcamp-2025-p2\modules\heartbeat\heartbeat_receiver.py | run | 53] 7 heartbeat(s) missed
14:50:00: [WARNING] [C:\Users\chris\warg-autonomy-bootcamp\autonomy-bootcamp-2025-p2\modules\heartbeat\heartbeat_receiver.py | run | 56] Drone Disconnected
14:50:00: [WARNING] [C:\Users\chris\warg-autonomy-bootcamp\autonomy-bootcamp-2025-p2\modules\heartbeat\heartbeat_receiver_worker.py | heartbeat_receiver_worker | 68] Failed to receive Heartbeat
14:50:01: [WARNING] [C:\Users\chris\warg-autonomy-bootcamp\autonomy-bootcamp-2025-p2\modules\heartbeat\heartbeat_receiver.py | run | 53] 8 heartbeat(s) missed
14:50:01: [WARNING] [C:\Users\chris\warg-autonomy-bootcamp\autonomy-bootcamp-2025-p2\modules\heartbeat\heartbeat_receiver.py | run | 56] Drone Disconnected
14:50:01: [WARNING] [C:\Users\chris\warg-autonomy-bootcamp\autonomy-bootcamp-2025-p2\modules\heartbeat\heartbeat_receiver_worker.py | heartbeat_receiver_worker | 68] Failed to receive Heartbeat
14:50:02: [INFO] [C:\Users\chris\warg-autonomy-bootcamp\autonomy-bootcamp-2025-p2\modules\heartbeat\heartbeat_receiver.py | run | 50] Heartbeat message received
14:50:03: [WARNING] [C:\Users\chris\warg-autonomy-bootcamp\autonomy-bootcamp-2025-p2\modules\heartbeat\heartbeat_receiver.py | run | 53] 1 heartbeat(s) missed
14:50:03: [WARNING] [C:\Users\chris\warg-autonomy-bootcamp\autonomy-bootcamp-2025-p2\modules\heartbeat\heartbeat_receiver_worker.py | heartbeat_receiver_worker | 68] Failed to receive Heartbeat
14:50:03: [INFO] [C:\Users\chris\warg-autonomy-bootcamp\autonomy-bootcamp-2025-p2\modules\heartbeat\heartbeat_receiver.py | run | 50] Heartbeat message received
14:50:04: [INFO] [C:\Users\chris\warg-autonomy-bootcamp\autonomy-bootcamp-2025-p2\modules\heartbeat\heartbeat_receiver.py | run | 50] Heartbeat message received
14:50:05: [INFO] [C:\Users\chris\warg-autonomy-bootcamp\autonomy-bootcamp-2025-p2\modules\heartbeat\heartbeat_receiver.py | run | 50] Heartbeat message received
14:50:06: [WARNING] [C:\Users\chris\warg-autonomy-bootcamp\autonomy-bootcamp-2025-p2\modules\heartbeat\heartbeat_receiver.py | run | 53] 1 heartbeat(s) missed
14:50:06: [WARNING] [C:\Users\chris\warg-autonomy-bootcamp\autonomy-bootcamp-2025-p2\modules\heartbeat\heartbeat_receiver_worker.py | heartbeat_receiver_worker | 68] Failed to receive Heartbeat
14:50:06: [INFO] [C:\Users\chris\warg-autonomy-bootcamp\autonomy-bootcamp-2025-p2\modules\heartbeat\heartbeat_receiver.py | run | 50] Heartbeat message received
14:50:07: [WARNING] [C:\Users\chris\warg-autonomy-bootcamp\autonomy-bootcamp-2025-p2\modules\heartbeat\heartbeat_receiver.py | run | 53] 1 heartbeat(s) missed
14:50:07: [WARNING] [C:\Users\chris\warg-autonomy-bootcamp\autonomy-bootcamp-2025-p2\modules\heartbeat\heartbeat_receiver_worker.py | heartbeat_receiver_worker | 68] Failed to receive Heartbeat
14:50:08: [INFO] [C:\Users\chris\warg-autonomy-bootcamp\autonomy-bootcamp-2025-p2\modules\heartbeat\heartbeat_receiver.py | run | 50] Heartbeat message received
14:50:09: [WARNING] [C:\Users\chris\warg-autonomy-bootcamp\autonomy-bootcamp-2025-p2\modules\heartbeat\heartbeat_receiver.py | run | 53] 1 heartbeat(s) missed
14:50:09: [WARNING] [C:\Users\chris\warg-autonomy-bootcamp\autonomy-bootcamp-2025-p2\modules\heartbeat\heartbeat_receiver_worker.py | heartbeat_receiver_worker | 68] Failed to receive Heartbeat
14:50:10: [WARNING] [C:\Users\chris\warg-autonomy-bootcamp\autonomy-bootcamp-2025-p2\modules\heartbeat\heartbeat_receiver.py | run | 53] 2 heartbeat(s) missed
14:50:10: [WARNING] [C:\Users\chris\warg-autonomy-bootcamp\autonomy-bootcamp-2025-p2\modules\heartbeat\heartbeat_receiver_worker.py | heartbeat_receiver_worker | 68] Failed to receive Heartbeat
14:50:11: [WARNING] [C:\Users\chris\warg-autonomy-bootcamp\autonomy-bootcamp-2025-p2\modules\heartbeat\heartbeat_receiver.py | run | 53] 3 heartbeat(s) missed
14:50:11: [WARNING] [C:\Users\chris\warg-autonomy-bootcamp\autonomy-bootcamp-2025-p2\modules\heartbeat\heartbeat_receiver_worker.py | heartbeat_receiver_worker | 68] Failed to receive Heartbeat
14:50:12: [WARNING] [C:\Users\chris\warg-autonomy-bootcamp\autonomy-bootcamp-2025-p2\modules\heartbeat\heartbeat_receiver.py | run | 53] 4 heartbeat(s) missed
14:50:12: [WARNING] [C:\Users\chris\warg-autonomy-bootcamp\autonomy-bootcamp-2025-p2\modules\heartbeat\heartbeat_receiver_worker.py | heartbeat_receiver_worker | 68] Failed to receive Heartbeat
14:50:13: [WARNING] [C:\Users\chris\warg-autonomy-bootcamp\autonomy-bootcamp-2025-p2\modules\heartbeat\heartbeat_receiver.py | run | 53] 5 heartbeat(s) missed
14:50:13: [WARNING] [C:\Users\chris\warg-autonomy-bootcamp\autonomy-bootcamp-2025-p2\modules\heartbeat\heartbeat_receiver.py | run | 56] Drone Disconnected
14:50:13: [WARNING] [C:\Users\chris\warg-autonomy-bootcamp\autonomy-bootcamp-2025-p2\modules\heartbeat\heartbeat_receiver_worker.py | heartbeat_receiver_worker | 68] Failed to receive Heartbeat
14:50:14: [WARNING] [C:\Users\chris\warg-autonomy-bootcamp\autonomy-bootcamp-2025-p2\modules\heartbeat\heartbeat_receiver.py | run | 53] 6 heartbeat(s) missed
14:50:14: [WARNING] [C:\Users\chris\warg-autonomy-bootcamp\autonomy-bootcamp-2025-p2\modules\heartbeat\heartbeat_receiver.py | run | 56] Drone Disconnected
14:50:14: [WARNING] [C:\Users\chris\warg-autonomy-bootcamp\autonomy-bootcamp-2025-p2\modules\heartbeat\heartbeat_receiver_worker.py | heartbeat_receiver_worker | 68] Failed to receive Heartbeat
14:50:15: [WARNING] [C:\Users\chris\warg-autonomy-bootcamp\autonomy-bootcamp-2025-p2\modules\heartbeat\heartbeat_receiver.py | run | 53] 7 heartbeat(s) missed
14:50:15: [WARNING] [C:\Users\chris\warg-autonomy-bootcamp\autonomy-bootcamp-2025-p2\modules\heartbeat\heartbeat_receiver.py | run | 56] Drone Disconnected
14:50:15: [WARNING] [C:\Users\chris\warg-autonomy-bootcamp\autonomy-bootcamp-2025-p2\modules\heartbeat\heartbeat_receiver_worker.py | heartbeat_receiver_worker | 68] Failed to receive Heartbeat
14:50:16: [WARNING] [C:\Users\chris\warg-autonomy-bootcamp\autonomy-bootcamp-2025-p2\modules\heartbeat\heartbeat_receiver.py | run | 53] 8 heartbeat(s) missed
14:50:16: [WARNING] [C:\Users\chris\warg-autonomy-bootcamp\autonomy-bootcamp-2025-p2\modules\heartbeat\heartbeat_receiver.py | run | 56] Drone Disconnected
14:50:16: [WARNING] [C:\Users\chris\warg-autonomy-bootcamp\autonomy-bootcamp-2025-p2\modules\heartbeat\heartbeat_receiver_worker.py | heartbeat_receiver_worker | 68] Failed to receive Heartbeat
14:50:17: [WARNING] [C:\Users\chris\warg-autonomy-bootcamp\autonomy-bootcamp-2025-p2\modules\heartbeat\heartbeat_receiver.py | run | 53] 9 heartbeat(s) missed
14:50:17: [WARNING] [C:\Users\chris\warg-autonomy-bootcamp\autonomy-bootcamp-2025-p2\modules\heartbeat\heartbeat_receiver.py | run | 56] Drone Disconnected
14:50:17: [WARNING] [C:\Users\chris\warg-autonomy-bootcamp\autonomy-bootcamp-2025-p2\modules\heartbeat\heartbeat_receiver_worker.py | heartbeat_receiver_worker | 68] Failed to receive Heartbeat
14:50:18: [WARNING] [C:\Users\chris\warg-autonomy-bootcamp\autonomy-bootcamp-2025-p2\modules\heartbeat\heartbeat_receiver.py | run | 53] 10 heartbeat(s) missed
14:50:18: [WARNING] [C:\Users\chris\warg-autonomy-bootcamp\autonomy-bootcamp-2025-p2\modules\heartbeat\heartbeat_receiver.py | run | 56] Drone Disconnected
14:50:18: [WARNING] [C:\Users\chris\warg-autonomy-bootcamp\autonomy-bootcamp-2025-p2\modules\heartbeat\heartbeat_receiver_worker.py | heartbeat_receiver_worker | 68] Failed to receive Heartbeat
14:50:19: [WARNING] [C:\Users\chris\warg-autonomy-bootcamp\autonomy-bootcamp-2025-p2\modules\heartbeat\heartbeat_receiver.py | run | 53] 11 heartbeat(s) missed
14:50:19: [WARNING] [C:\Users\chris\warg-autonomy-bootcamp\autonomy-bootcamp-2025-p2\modules\heartbeat\heartbeat_receiver.py | run | 56] Drone Disconnected
14:50:19: [WARNING] [C:\Users\chris\warg-autonomy-bootcamp\autonomy-bootcamp-2025-p2\modules\heartbeat\heartbeat_receiver_worker.py | heartbeat_receiver_worker | 68] Failed to receive Heartbeat
14:50:20: [WARNING] [C:\Users\chris\warg-autonomy-bootcamp\autonomy-bootcamp-2025-p2\modules\heartbeat\heartbeat_receiver.py | run | 53] 12 heartbeat(s) missed
14:50:20: [WARNING] [C:\Users\chris\warg-autonomy-bootcamp\autonomy-bootcamp-2025-p2\modules\heartbeat\heartbeat_receiver.py | run | 56] Drone Disconnected
14:50:20: [WARNING] [C:\Users\chris\warg-autonomy-bootcamp\autonomy-bootcamp-2025-p2\modules\heartbeat\heartbeat_receiver_worker.py | heartbeat_receiver_worker | 68] Failed to receive Heartbeat
14:50:21: [WARNING] [C:\Users\chris\warg-autonomy-bootcamp\autonomy-bootcamp-2025-p2\modules\heartbeat\heartbeat_receiver.py | run | 53] 13 heartbeat(s) missed
14:50:21: [WARNING] [C:\Users\chris\warg-autonomy-bootcamp\autonomy-bootcamp-2025-p2\modules\heartbeat\heartbeat_receiver.py | run | 56] Drone Disconnected
14:50:21: [WARNING] [C:\Users\chris\warg-autonomy-bootcamp\autonomy-bootcamp-2025-p2\modules\heartbeat\heartbeat_receiver_worker.py | heartbeat_receiver_worker | 68] Failed to receive Heartbeat
14:50:22: [WARNING] [C:\Users\chris\warg-autonomy-bootcamp\autonomy-bootcamp-2025-p2\modules\heartbeat\heartbeat_receiver.py | run | 53] 14 heartbeat(s) missed
14:50:22: [WARNING] [C:\Users\chris\warg-autonomy-bootcamp\autonomy-bootcamp-2025-p2\modules\heartbeat\heartbeat_receiver.py | run | 56] Drone Disconnected
14:50:22: [WARNING] [C:\Users\chris\warg-autonomy-bootcamp\autonomy-bootcamp-2025-p2\modules\heartbeat\heartbeat_receiver_worker.py | heartbeat_receiver_worker | 68] Failed to receive Heartbeat
14:50:23: [WARNING] [C:\Users\chris\warg-autonomy-bootcamp\autonomy-bootcamp-2025-p2\modules\heartbeat\heartbeat_receiver.py | run | 53] 15 heartbeat(s) missed
14:50:23: [WARNING] [C:\Users\chris\warg-autonomy-bootcamp\autonomy-bootcamp-2025-p2\modules\heartbeat\heartbeat_receiver.py | run | 56] Drone Disconnected
14:50:23: [WARNING] [C:\Users\chris\warg-autonomy-bootcamp\autonomy-bootcamp-2025-p2\modules\heartbeat\heartbeat_receiver_worker.py | heartbeat_receiver_worker | 68] Failed to receive Heartbeat
14:50:24: [WARNING] [C:\Users\chris\warg-autonomy-bootcamp\autonomy-bootcamp-2025-p2\modules\heartbeat\heartbeat_receiver.py | run | 53] 16 heartbeat(s) missed
14:50:24: [WARNING] [C:\Users\chris\warg-autonomy-bootcamp\autonomy-bootcamp-2025-p2\modules\heartbeat\heartbeat_receiver.py | run | 56] Drone Disconnected
14:50:24: [WARNING] [C:\Users\chris\warg-autonomy-bootcamp\autonomy-bootcamp-2025-p2\modules\heartbeat\heartbeat_receiver_worker.py | heartbeat_receiver_worker | 68] Failed to receive Heartbeat
14:50:25: [WARNING] [C:\Users\chris\warg-autonomy-bootcamp\autonomy-bootcamp-2025-p2\modules\heartbeat\heartbeat_receiver.py | run | 53] 17 heartbeat(s) missed
14:50:25: [WARNING] [C:\Users\chris\warg-autonomy-bootcamp\autonomy-bootcamp-2025-p2\modules\heartbeat\heartbeat_receiver.py | run | 56] Drone Disconnected
14:50:25: [WARNING] [C:\Users\chris\warg-autonomy-bootcamp\autonomy-bootcamp-2025-p2\modules\heartbeat\heartbeat_receiver_worker.py | heartbeat_receiver_worker | 68] Failed to receive Heartbeat
14:50:26: [WARNING] [C:\Users\chris\warg-autonomy-bootcamp\autonomy-bootcamp-2025-p2\modules\heartbeat\heartbeat_receiver.py | run | 53] 18 heartbeat(s) missed
14:50:26: [WARNING] [C:\Users\chris\warg-autonomy-bootcamp\autonomy-bootcamp-2025-p2\modules\heartbeat\heartbeat_receiver.py | run | 56] Drone Disconnected
14:50:26: [WARNING] [C:\Users\chris\warg-autonomy-bootcamp\autonomy-bootcamp-2025-p2\modules\heartbeat\heartbeat_receiver_worker.py | heartbeat_receiver_worker | 68] Failed to receive Heartbeat
14:50:27: [WARNING] [C:\Users\chris\warg-autonomy-bootcamp\autonomy-bootcamp-2025-p2\modules\heartbeat\heartbeat_receiver.py | run | 53] 19 heartbeat(s) missed
14:50:27: [WARNING] [C:\Users\chris\warg-autonomy-bootcamp\autonomy-bootcamp-2025-p2\modules\heartbeat\heartbeat_receiver.py | run | 56] Drone Disconnected
14:50:27: [WARNING] [C:\Users\chris\warg-autonomy-bootcamp\autonomy-bootcamp-2025-p2\modules\heartbeat\heartbeat_receiver_worker.py | heartbeat_receiver_worker | 68] Failed to receive Heartbeat
14:50:28: [WARNING] [C:\Users\chris\warg-autonomy-bootcamp\autonomy-bootcamp-2025-p2\modules\heartbeat\heartbeat_receiver.py | run | 53] 20 heartbeat(s) missed
14:50:28: [WARNING] [C:\Users\chris\warg-autonomy-bootcamp\autonomy-bootcamp-2025-p2\modules\heartbeat\heartbeat_receiver.py | run | 56] Drone Disconnected
14:50:28: [WARNING] [C:\Users\chris\warg-autonomy-bootcamp\autonomy-bootcamp-2025-p2\modules\heartbeat\heartbeat_receiver_worker.py | heartbeat_receiver_worker | 68] Failed to receive Heartbeat
14:50:29: [WARNING] [C:\Users\chris\warg-autonomy-bootcamp\autonomy-bootcamp-2025-p2\modules\heartbeat\heartbeat_receiver.py | run | 53] 21 heartbeat(s) missed
14:50:29: [WARNING] [C:\Users\chris\warg-autonomy-bootcamp\autonomy-bootcamp-2025-p2\modules\heartbeat\heartbeat_receiver.py | run | 56] Drone Disconnected
14:50:29: [WARNING] [C:\Users\chris\warg-autonomy-bootcamp\autonomy-bootcamp-2025-p2\modules\heartbeat\heartbeat_receiver_worker.py | heartbeat_receiver_worker | 68] Failed to receive Heartbeat
14:50:30: [WARNING] [C:\Users\chris\warg-autonomy-bootcamp\autonomy-bootcamp-2025-p2\modules\heartbeat\heartbeat_receiver.py | run | 53] 22 heartbeat(s) missed
14:50:30: [WARNING] [C:\Users\chris\warg-autonomy-bootcamp\autonomy-bootcamp-2025-p2\modules\heartbeat\heartbeat_receiver.py | run | 56] Drone Disconnected
14:50:30: [WARNING] [C:\Users\chris\warg-autonomy-bootcamp\autonomy-bootcamp-2025-p2\modules\heartbeat\heartbeat_receiver_worker.py | heartbeat_receiver_worker | 68] Failed to receive Heartbeat
14:50:31: [WARNING] [C:\Users\chris\warg-autonomy-bootcamp\autonomy-bootcamp-2025-p2\modules\heartbeat\heartbeat_receiver.py | run | 53] 23 heartbeat(s) missed
14:50:31: [WARNING] [C:\Users\chris\warg-autonomy-bootcamp\autonomy-bootcamp-2025-p2\modules\heartbeat\heartbeat_receiver.py | run | 56] Drone Disconnected
14:50:31: [WARNING] [C:\Users\chris\warg-autonomy-bootcamp\autonomy-bootcamp-2025-p2\modules\heartbeat\heartbeat_receiver_worker.py | heartbeat_receiver_worker | 68] Failed to receive Heartbeat
14:50:32: [WARNING] [C:\Users\chris\warg-autonomy-bootcamp\autonomy-bootcamp-2025-p2\modules\heartbeat\heartbeat_receiver.py | run | 53] 24 heartbeat(s) missed
14:50:32: [WARNING] [C:\Users\chris\warg-autonomy-bootcamp\autonomy-bootcamp-2025-p2\modules\heartbeat\heartbeat_receiver.py | run | 56] Drone Disconnected
14:50:32: [WARNING] [C:\Users\chris\warg-autonomy-bootcamp\autonomy-bootcamp-2025-p2\modules\heartbeat\heartbeat_receiver_worker.py | heartbeat_receiver_worker | 68] Failed to receive Heartbeat
14:50:33: [WARNING] [C:\Users\chris\warg-autonomy-bootcamp\autonomy-bootcamp-2025-p2\modules\heartbeat\heartbeat_receiver.py | run | 53] 25 heartbeat(s) missed
14:50:33: [WARNING] [C:\Users\chris\warg-autonomy-bootcamp\autonomy-bootcamp-2025-p2\modules\heartbeat\heartbeat_receiver.py | run | 56] Drone Disconnected
14:50:33: [WARNING] [C:\Users\chris\warg-autonomy-bootcamp\autonomy-bootcamp-2025-p2\modules\heartbeat\heartbeat_receiver_worker.py | heartbeat_receiver_worker | 68] Failed to receive Heartbeat
14:50:34: [WARNING] [C:\Users\chris\warg-autonomy-bootcamp\autonomy-bootcamp-2025-p2\modules\heartbeat\heartbeat_receiver.py | run | 53] 26 heartbeat(s) missed
14:50:34: [WARNING] [C:\Users\chris\warg-autonomy-bootcamp\autonomy-bootcamp-2025-p2\modules\heartbeat\heartbeat_receiver.py | run | 56] Drone Disconnected
14:50:34: [WARNING] [C:\Users\chris\warg-autonomy-bootcamp\autonomy-bootcamp-2025-p2\modules\heartbeat\heartbeat_receiver_worker.py | heartbeat_receiver_worker | 68] Failed to receive Heartbeat
