23:12:00: [INFO] [C:\Users\chris\warg-autonomy-bootcamp\autonomy-bootcamp-2025-p2\modules\common\modules\logger\logger_main_setup.py | setup_main_logger | 62] main logger initialized
23:12:02: [INFO] [C:\Users\chris\warg-autonomy-bootcamp\autonomy-bootcamp-2025-p2\tests\integration\test_command.py | main | 136] Connected!
23:12:03: [INFO] [C:\Users\chris\warg-autonomy-bootcamp\autonomy-bootcamp-2025-p2\tests\integration\test_command.py | read_queue | 80] CHANGE_ALTITUDE 1.00
23:12:03: [INFO] [C:\Users\chris\warg-autonomy-bootcamp\autonomy-bootcamp-2025-p2\tests\integration\test_command.py | read_queue | 80] CHANGE_ALTITUDE -1.00
23:12:06: [INFO] [C:\Users\chris\warg-autonomy-bootcamp\autonomy-bootcamp-2025-p2\tests\integration\test_command.py | read_queue | 80] CHANGING YAW 63.43
23:12:07: [INFO] [C:\Users\chris\warg-autonomy-bootcamp\autonomy-bootcamp-2025-p2\tests\integration\test_command.py | read_queue | 80] CHANGING YAW 90.00
23:12:07: [INFO] [C:\Users\chris\warg-autonomy-bootcamp\autonomy-bootcamp-2025-p2\tests\integration\test_command.py | read_queue | 80] CHANGING YAW 116.57
23:12:08: [INFO] [C:\Users\chris\warg-autonomy-bootcamp\autonomy-bootcamp-2025-p2\tests\integration\test_command.py | read_queue | 80] CHANGING YAW 45.00
23:12:08: [INFO] [C:\Users\chris\warg-autonomy-bootcamp\autonomy-bootcamp-2025-p2\tests\integration\test_command.py | read_queue | 80] CHANGING YAW 63.43
23:12:09: [INFO] [C:\Users\chris\warg-autonomy-bootcamp\autonomy-bootcamp-2025-p2\tests\integration\test_command.py | read_queue | 80] CHANGING YAW 90.00
23:12:09: [INFO] [C:\Users\chris\warg-autonomy-bootcamp\autonomy-bootcamp-2025-p2\tests\integration\test_command.py | read_queue | 80] CHANGING YAW 26.57
23:12:10: [INFO] [C:\Users\chris\warg-autonomy-bootcamp\autonomy-bootcamp-2025-p2\tests\integration\test_command.py | read_queue | 80] CHANGING YAW 45.00
23:12:10: [INFO] [C:\Users\chris\warg-autonomy-bootcamp\autonomy-bootcamp-2025-p2\tests\integration\test_command.py | read_queue | 80] CHANGING YAW 90.00
23:12:11: [INFO] [C:\Users\chris\warg-autonomy-bootcamp\autonomy-bootcamp-2025-p2\tests\integration\test_command.py | read_queue | 80] CHANGING YAW 45.00
23:12:11: [INFO] [C:\Users\chris\warg-autonomy-bootcamp\autonomy-bootcamp-2025-p2\tests\integration\test_command.py | read_queue | 80] CHANGING YAW 90.00
23:12:12: [INFO] [C:\Users\chris\warg-autonomy-bootcamp\autonomy-bootcamp-2025-p2\tests\integration\test_command.py | read_queue | 80] CHANGING YAW 135.00
23:12:12: [INFO] [C:\Users\chris\warg-autonomy-bootcamp\autonomy-bootcamp-2025-p2\tests\integration\test_command.py | read_queue | 80] CHANGING YAW -26.57
23:12:13: [INFO] [C:\Users\chris\warg-autonomy-bootcamp\autonomy-bootcamp-2025-p2\tests\integration\test_command.py | read_queue | 80] CHANGING YAW -45.00
23:12:13: [INFO] [C:\Users\chris\warg-autonomy-bootcamp\autonomy-bootcamp-2025-p2\tests\integration\test_command.py | read_queue | 80] CHANGING YAW -90.00
23:12:14: [INFO] [C:\Users\chris\warg-autonomy-bootcamp\autonomy-bootcamp-2025-p2\tests\integration\test_command.py | read_queue | 80] CHANGING YAW -45.00
23:12:14: [INFO] [C:\Users\chris\warg-autonomy-bootcamp\autonomy-bootcamp-2025-p2\tests\integration\test_command.py | read_queue | 80] CHANGING YAW -90.00
23:12:15: [INFO] [C:\Users\chris\warg-autonomy-bootcamp\autonomy-bootcamp-2025-p2\tests\integration\test_command.py | read_queue | 80] CHANGING YAW -135.00
23:12:15: [INFO] [C:\Users\chris\warg-autonomy-bootcamp\autonomy-bootcamp-2025-p2\tests\integration\test_command.py | read_queue | 80] CHANGING YAW -63.43
23:12:16: [INFO] [C:\Users\chris\warg-autonomy-bootcamp\autonomy-bootcamp-2025-p2\tests\integration\test_command.py | read_queue | 80] CHANGING YAW -90.00
23:12:16: [INFO] [C:\Users\chris\warg-autonomy-bootcamp\autonomy-bootcamp-2025-p2\tests\integration\test_command.py | read_queue | 80] CHANGING YAW -116.57
23:12:17: [INFO] [C:\Users\chris\warg-autonomy-bootcamp\autonomy-bootcamp-2025-p2\tests\integration\test_command.py | read_queue | 80] CHANGING YAW -45.00
23:12:17: [INFO] [C:\Users\chris\warg-autonomy-bootcamp\autonomy-bootcamp-2025-p2\tests\integration\test_command.py | read_queue | 80] CHANGING YAW -63.43
23:12:18: [INFO] [C:\Users\chris\warg-autonomy-bootcamp\autonomy-bootcamp-2025-p2\tests\integration\test_command.py | read_queue | 80] CHANGING YAW -90.00
23:12:19: [INFO] [C:\Users\chris\warg-autonomy-bootcamp\autonomy-bootcamp-2025-p2\tests\integration\test_command.py | read_queue | 80] None
23:12:19: [INFO] [C:\Users\chris\warg-autonomy-bootcamp\autonomy-bootcamp-2025-p2\tests\integration\test_command.py | read_queue | 80] None
23:12:19: [INFO] [C:\Users\chris\warg-autonomy-bootcamp\autonomy-bootcamp-2025-p2\tests\integration\test_command.py | read_queue | 80] None
23:12:19: [INFO] [C:\Users\chris\warg-autonomy-bootcamp\autonomy-bootcamp-2025-p2\tests\integration\test_command.py | read_queue | 80] None
23:12:19: [INFO] [C:\Users\chris\warg-autonomy-bootcamp\autonomy-bootcamp-2025-p2\tests\integration\test_command.py | read_queue | 80] None
23:12:19: [INFO] [C:\Users\chris\warg-autonomy-bootcamp\autonomy-bootcamp-2025-p2\tests\integration\test_command.py | read_queue | 80] None
23:12:19: [INFO] [C:\Users\chris\warg-autonomy-bootcamp\autonomy-bootcamp-2025-p2\tests\integration\test_command.py | read_queue | 80] None
23:12:19: [INFO] [C:\Users\chris\warg-autonomy-bootcamp\autonomy-bootcamp-2025-p2\tests\integration\test_command.py | read_queue | 80] None
23:12:19: [INFO] [C:\Users\chris\warg-autonomy-bootcamp\autonomy-bootcamp-2025-p2\tests\integration\test_command.py | read_queue | 80] None
23:12:19: [INFO] [C:\Users\chris\warg-autonomy-bootcamp\autonomy-bootcamp-2025-p2\tests\integration\test_command.py | read_queue | 80] None
