23:12:46: [INFO] [C:\Users\chris\warg-autonomy-bootcamp\autonomy-bootcamp-2025-p2\modules\common\modules\logger\logger_main_setup.py | setup_main_logger | 62] main logger initialized
23:12:47: [INFO] [C:\Users\chris\warg-autonomy-bootcamp\autonomy-bootcamp-2025-p2\tests\integration\test_command.py | main | 136] Connected!
23:12:48: [INFO] [C:\Users\chris\warg-autonomy-bootcamp\autonomy-bootcamp-2025-p2\tests\integration\test_command.py | read_queue | 80] CHANGE_ALTITUDE 1.00
23:12:48: [INFO] [C:\Users\chris\warg-autonomy-bootcamp\autonomy-bootcamp-2025-p2\tests\integration\test_command.py | read_queue | 80] CHANGE_ALTITUDE -1.00
23:12:51: [INFO] [C:\Users\chris\warg-autonomy-bootcamp\autonomy-bootcamp-2025-p2\tests\integration\test_command.py | read_queue | 80] CHANGING YAW 63.43
23:12:52: [INFO] [C:\Users\chris\warg-autonomy-bootcamp\autonomy-bootcamp-2025-p2\tests\integration\test_command.py | read_queue | 80] CHANGING YAW 90.00
23:12:52: [INFO] [C:\Users\chris\warg-autonomy-bootcamp\autonomy-bootcamp-2025-p2\tests\integration\test_command.py | read_queue | 80] CHANGING YAW 116.57
23:12:53: [INFO] [C:\Users\chris\warg-autonomy-bootcamp\autonomy-bootcamp-2025-p2\tests\integration\test_command.py | read_queue | 80] CHANGING YAW 45.00
23:12:53: [INFO] [C:\Users\chris\warg-autonomy-bootcamp\autonomy-bootcamp-2025-p2\tests\integration\test_command.py | read_queue | 80] CHANGING YAW 63.43
23:12:54: [INFO] [C:\Users\chris\warg-autonomy-bootcamp\autonomy-bootcamp-2025-p2\tests\integration\test_command.py | read_queue | 80] CHANGING YAW 90.00
23:12:54: [INFO] [C:\Users\chris\warg-autonomy-bootcamp\autonomy-bootcamp-2025-p2\tests\integration\test_command.py | read_queue | 80] CHANGING YAW 26.57
23:12:55: [INFO] [C:\Users\chris\warg-autonomy-bootcamp\autonomy-bootcamp-2025-p2\tests\integration\test_command.py | read_queue | 80] CHANGING YAW 45.00
23:12:55: [INFO] [C:\Users\chris\warg-autonomy-bootcamp\autonomy-bootcamp-2025-p2\tests\integration\test_command.py | read_queue | 80] CHANGING YAW 90.00
23:12:56: [INFO] [C:\Users\chris\warg-autonomy-bootcamp\autonomy-bootcamp-2025-p2\tests\integration\test_command.py | read_queue | 80] CHANGING YAW 45.00
23:12:56: [INFO] [C:\Users\chris\warg-autonomy-bootcamp\autonomy-bootcamp-2025-p2\tests\integration\test_command.py | read_queue | 80] CHANGING YAW 90.00
23:12:57: [INFO] [C:\Users\chris\warg-autonomy-bootcamp\autonomy-bootcamp-2025-p2\tests\integration\test_command.py | read_queue | 80] CHANGING YAW 135.00
23:12:57: [INFO] [C:\Users\chris\warg-autonomy-bootcamp\autonomy-bootcamp-2025-p2\tests\integration\test_command.py | read_queue | 80] CHANGING YAW -26.57
23:12:58: [INFO] [C:\Users\chris\warg-autonomy-bootcamp\autonomy-bootcamp-2025-p2\tests\integration\test_command.py | read_queue | 80] CHANGING YAW -45.00
23:12:58: [INFO] [C:\Users\chris\warg-autonomy-bootcamp\autonomy-bootcamp-2025-p2\tests\integration\test_command.py | read_queue | 80] CHANGING YAW -90.00
23:12:59: [INFO] [C:\Users\chris\warg-autonomy-bootcamp\autonomy-bootcamp-2025-p2\tests\integration\test_command.py | read_queue | 80] CHANGING YAW -45.00
23:12:59: [INFO] [C:\Users\chris\warg-autonomy-bootcamp\autonomy-bootcamp-2025-p2\tests\integration\test_command.py | read_queue | 80] CHANGING YAW -90.00
23:13:00: [INFO] [C:\Users\chris\warg-autonomy-bootcamp\autonomy-bootcamp-2025-p2\tests\integration\test_command.py | read_queue | 80] CHANGING YAW -135.00
23:13:00: [INFO] [C:\Users\chris\warg-autonomy-bootcamp\autonomy-bootcamp-2025-p2\tests\integration\test_command.py | read_queue | 80] CHANGING YAW -63.43
23:13:01: [INFO] [C:\Users\chris\warg-autonomy-bootcamp\autonomy-bootcamp-2025-p2\tests\integration\test_command.py | read_queue | 80] CHANGING YAW -90.00
23:13:01: [INFO] [C:\Users\chris\warg-autonomy-bootcamp\autonomy-bootcamp-2025-p2\tests\integration\test_command.py | read_queue | 80] CHANGING YAW -116.57
23:13:02: [INFO] [C:\Users\chris\warg-autonomy-bootcamp\autonomy-bootcamp-2025-p2\tests\integration\test_command.py | read_queue | 80] CHANGING YAW -45.00
23:13:02: [INFO] [C:\Users\chris\warg-autonomy-bootcamp\autonomy-bootcamp-2025-p2\tests\integration\test_command.py | read_queue | 80] CHANGING YAW -63.43
23:13:03: [INFO] [C:\Users\chris\warg-autonomy-bootcamp\autonomy-bootcamp-2025-p2\tests\integration\test_command.py | read_queue | 80] CHANGING YAW -90.00
23:13:03: [INFO] [C:\Users\chris\warg-autonomy-bootcamp\autonomy-bootcamp-2025-p2\tests\integration\test_command.py | read_queue | 80] None
23:13:03: [INFO] [C:\Users\chris\warg-autonomy-bootcamp\autonomy-bootcamp-2025-p2\tests\integration\test_command.py | read_queue | 80] None
23:13:03: [INFO] [C:\Users\chris\warg-autonomy-bootcamp\autonomy-bootcamp-2025-p2\tests\integration\test_command.py | read_queue | 80] None
23:13:03: [INFO] [C:\Users\chris\warg-autonomy-bootcamp\autonomy-bootcamp-2025-p2\tests\integration\test_command.py | read_queue | 80] None
23:13:03: [INFO] [C:\Users\chris\warg-autonomy-bootcamp\autonomy-bootcamp-2025-p2\tests\integration\test_command.py | read_queue | 80] None
23:13:03: [INFO] [C:\Users\chris\warg-autonomy-bootcamp\autonomy-bootcamp-2025-p2\tests\integration\test_command.py | read_queue | 80] None
23:13:03: [INFO] [C:\Users\chris\warg-autonomy-bootcamp\autonomy-bootcamp-2025-p2\tests\integration\test_command.py | read_queue | 80] None
23:13:03: [INFO] [C:\Users\chris\warg-autonomy-bootcamp\autonomy-bootcamp-2025-p2\tests\integration\test_command.py | read_queue | 80] None
23:13:03: [INFO] [C:\Users\chris\warg-autonomy-bootcamp\autonomy-bootcamp-2025-p2\tests\integration\test_command.py | read_queue | 80] None
23:13:03: [INFO] [C:\Users\chris\warg-autonomy-bootcamp\autonomy-bootcamp-2025-p2\tests\integration\test_command.py | read_queue | 80] None
