23:11:35: [INFO] [C:\Users\chris\warg-autonomy-bootcamp\autonomy-bootcamp-2025-p2\modules\common\modules\logger\logger_main_setup.py | setup_main_logger | 62] main logger initialized
23:11:36: [INFO] [C:\Users\chris\warg-autonomy-bootcamp\autonomy-bootcamp-2025-p2\tests\integration\test_command.py | main | 136] Connected!
23:11:36: [INFO] [C:\Users\chris\warg-autonomy-bootcamp\autonomy-bootcamp-2025-p2\tests\integration\test_command.py | read_queue | 80] CHANGE_ALTITUDE 1.00
23:11:37: [INFO] [C:\Users\chris\warg-autonomy-bootcamp\autonomy-bootcamp-2025-p2\tests\integration\test_command.py | read_queue | 80] CHANGE_ALTITUDE -1.00
23:11:40: [INFO] [C:\Users\chris\warg-autonomy-bootcamp\autonomy-bootcamp-2025-p2\tests\integration\test_command.py | read_queue | 80] CHANGING YAW 63.43
23:11:40: [INFO] [C:\Users\chris\warg-autonomy-bootcamp\autonomy-bootcamp-2025-p2\tests\integration\test_command.py | read_queue | 80] CHANGING YAW 90.00
23:11:41: [INFO] [C:\Users\chris\warg-autonomy-bootcamp\autonomy-bootcamp-2025-p2\tests\integration\test_command.py | read_queue | 80] CHANGING YAW 116.57
23:11:41: [INFO] [C:\Users\chris\warg-autonomy-bootcamp\autonomy-bootcamp-2025-p2\tests\integration\test_command.py | read_queue | 80] CHANGING YAW 45.00
23:11:42: [INFO] [C:\Users\chris\warg-autonomy-bootcamp\autonomy-bootcamp-2025-p2\tests\integration\test_command.py | read_queue | 80] CHANGING YAW 63.43
23:11:42: [INFO] [C:\Users\chris\warg-autonomy-bootcamp\autonomy-bootcamp-2025-p2\tests\integration\test_command.py | read_queue | 80] CHANGING YAW 90.00
23:11:43: [INFO] [C:\Users\chris\warg-autonomy-bootcamp\autonomy-bootcamp-2025-p2\tests\integration\test_command.py | read_queue | 80] CHANGING YAW 26.57
23:11:43: [INFO] [C:\Users\chris\warg-autonomy-bootcamp\autonomy-bootcamp-2025-p2\tests\integration\test_command.py | read_queue | 80] CHANGING YAW 45.00
23:11:44: [INFO] [C:\Users\chris\warg-autonomy-bootcamp\autonomy-bootcamp-2025-p2\tests\integration\test_command.py | read_queue | 80] CHANGING YAW 90.00
23:11:44: [INFO] [C:\Users\chris\warg-autonomy-bootcamp\autonomy-bootcamp-2025-p2\tests\integration\test_command.py | read_queue | 80] CHANGING YAW 45.00
23:11:45: [INFO] [C:\Users\chris\warg-autonomy-bootcamp\autonomy-bootcamp-2025-p2\tests\integration\test_command.py | read_queue | 80] CHANGING YAW 90.00
23:11:45: [INFO] [C:\Users\chris\warg-autonomy-bootcamp\autonomy-bootcamp-2025-p2\tests\integration\test_command.py | read_queue | 80] CHANGING YAW 135.00
23:11:46: [INFO] [C:\Users\chris\warg-autonomy-bootcamp\autonomy-bootcamp-2025-p2\tests\integration\test_command.py | read_queue | 80] CHANGING YAW -26.57
23:11:46: [INFO] [C:\Users\chris\warg-autonomy-bootcamp\autonomy-bootcamp-2025-p2\tests\integration\test_command.py | read_queue | 80] CHANGING YAW -45.00
23:11:47: [INFO] [C:\Users\chris\warg-autonomy-bootcamp\autonomy-bootcamp-2025-p2\tests\integration\test_command.py | read_queue | 80] CHANGING YAW -90.00
23:11:47: [INFO] [C:\Users\chris\warg-autonomy-bootcamp\autonomy-bootcamp-2025-p2\tests\integration\test_command.py | read_queue | 80] CHANGING YAW -45.00
23:11:48: [INFO] [C:\Users\chris\warg-autonomy-bootcamp\autonomy-bootcamp-2025-p2\tests\integration\test_command.py | read_queue | 80] CHANGING YAW -90.00
23:11:48: [INFO] [C:\Users\chris\warg-autonomy-bootcamp\autonomy-bootcamp-2025-p2\tests\integration\test_command.py | read_queue | 80] CHANGING YAW -135.00
23:11:49: [INFO] [C:\Users\chris\warg-autonomy-bootcamp\autonomy-bootcamp-2025-p2\tests\integration\test_command.py | read_queue | 80] CHANGING YAW -63.43
23:11:49: [INFO] [C:\Users\chris\warg-autonomy-bootcamp\autonomy-bootcamp-2025-p2\tests\integration\test_command.py | read_queue | 80] CHANGING YAW -90.00
23:11:50: [INFO] [C:\Users\chris\warg-autonomy-bootcamp\autonomy-bootcamp-2025-p2\tests\integration\test_command.py | read_queue | 80] CHANGING YAW -116.57
23:11:50: [INFO] [C:\Users\chris\warg-autonomy-bootcamp\autonomy-bootcamp-2025-p2\tests\integration\test_command.py | read_queue | 80] CHANGING YAW -45.00
23:11:51: [INFO] [C:\Users\chris\warg-autonomy-bootcamp\autonomy-bootcamp-2025-p2\tests\integration\test_command.py | read_queue | 80] CHANGING YAW -63.43
23:11:51: [INFO] [C:\Users\chris\warg-autonomy-bootcamp\autonomy-bootcamp-2025-p2\tests\integration\test_command.py | read_queue | 80] CHANGING YAW -90.00
23:11:52: [INFO] [C:\Users\chris\warg-autonomy-bootcamp\autonomy-bootcamp-2025-p2\tests\integration\test_command.py | read_queue | 80] None
23:11:52: [INFO] [C:\Users\chris\warg-autonomy-bootcamp\autonomy-bootcamp-2025-p2\tests\integration\test_command.py | read_queue | 80] None
23:11:52: [INFO] [C:\Users\chris\warg-autonomy-bootcamp\autonomy-bootcamp-2025-p2\tests\integration\test_command.py | read_queue | 80] None
23:11:52: [INFO] [C:\Users\chris\warg-autonomy-bootcamp\autonomy-bootcamp-2025-p2\tests\integration\test_command.py | read_queue | 80] None
23:11:52: [INFO] [C:\Users\chris\warg-autonomy-bootcamp\autonomy-bootcamp-2025-p2\tests\integration\test_command.py | read_queue | 80] None
23:11:52: [INFO] [C:\Users\chris\warg-autonomy-bootcamp\autonomy-bootcamp-2025-p2\tests\integration\test_command.py | read_queue | 80] None
23:11:52: [INFO] [C:\Users\chris\warg-autonomy-bootcamp\autonomy-bootcamp-2025-p2\tests\integration\test_command.py | read_queue | 80] None
23:11:52: [INFO] [C:\Users\chris\warg-autonomy-bootcamp\autonomy-bootcamp-2025-p2\tests\integration\test_command.py | read_queue | 80] None
23:11:52: [INFO] [C:\Users\chris\warg-autonomy-bootcamp\autonomy-bootcamp-2025-p2\tests\integration\test_command.py | read_queue | 80] None
23:11:52: [INFO] [C:\Users\chris\warg-autonomy-bootcamp\autonomy-bootcamp-2025-p2\tests\integration\test_command.py | read_queue | 80] None
