23:09:20: [INFO] [C:\Users\chris\warg-autonomy-bootcamp\autonomy-bootcamp-2025-p2\modules\heartbeat\heartbeat_receiver_worker.py | heartbeat_receiver_worker | 48] Logger initialized
23:09:20: [INFO] [C:\Users\chris\warg-autonomy-bootcamp\autonomy-bootcamp-2025-p2\modules\heartbeat\heartbeat_receiver.py | run | 50] Heartbeat message received
23:09:21: [INFO] [C:\Users\chris\warg-autonomy-bootcamp\autonomy-bootcamp-2025-p2\modules\heartbeat\heartbeat_receiver.py | run | 50] Heartbeat message received
23:09:22: [WARNING] [C:\Users\chris\warg-autonomy-bootcamp\autonomy-bootcamp-2025-p2\modules\heartbeat\heartbeat_receiver.py | run | 53] 1 heartbeat(s) missed
23:09:22: [WARNING] [C:\Users\chris\warg-autonomy-bootcamp\autonomy-bootcamp-2025-p2\modules\heartbeat\heartbeat_receiver_worker.py | heartbeat_receiver_worker | 68] Failed to receive Heartbeat
23:09:22: [INFO] [C:\Users\chris\warg-autonomy-bootcamp\autonomy-bootcamp-2025-p2\modules\heartbeat\heartbeat_receiver.py | run | 50] Heartbeat message received
23:09:23: [INFO] [C:\Users\chris\warg-autonomy-bootcamp\autonomy-bootcamp-2025-p2\modules\heartbeat\heartbeat_receiver.py | run | 50] Heartbeat message received
23:09:24: [WARNING] [C:\Users\chris\warg-autonomy-bootcamp\autonomy-bootcamp-2025-p2\modules\heartbeat\heartbeat_receiver.py | run | 53] 1 heartbeat(s) missed
23:09:24: [WARNING] [C:\Users\chris\warg-autonomy-bootcamp\autonomy-bootcamp-2025-p2\modules\heartbeat\heartbeat_receiver_worker.py | heartbeat_receiver_worker | 68] Failed to receive Heartbeat
23:09:24: [INFO] [C:\Users\chris\warg-autonomy-bootcamp\autonomy-bootcamp-2025-p2\modules\heartbeat\heartbeat_receiver.py | run | 50] Heartbeat message received
23:09:25: [WARNING] [C:\Users\chris\warg-autonomy-bootcamp\autonomy-bootcamp-2025-p2\modules\heartbeat\heartbeat_receiver.py | run | 53] 1 heartbeat(s) missed
23:09:25: [WARNING] [C:\Users\chris\warg-autonomy-bootcamp\autonomy-bootcamp-2025-p2\modules\heartbeat\heartbeat_receiver_worker.py | heartbeat_receiver_worker | 68] Failed to receive Heartbeat
23:09:26: [WARNING] [C:\Users\chris\warg-autonomy-bootcamp\autonomy-bootcamp-2025-p2\modules\heartbeat\heartbeat_receiver.py | run | 53] 2 heartbeat(s) missed
23:09:26: [WARNING] [C:\Users\chris\warg-autonomy-bootcamp\autonomy-bootcamp-2025-p2\modules\heartbeat\heartbeat_receiver_worker.py | heartbeat_receiver_worker | 68] Failed to receive Heartbeat
23:09:27: [WARNING] [C:\Users\chris\warg-autonomy-bootcamp\autonomy-bootcamp-2025-p2\modules\heartbeat\heartbeat_receiver.py | run | 53] 3 heartbeat(s) missed
23:09:27: [WARNING] [C:\Users\chris\warg-autonomy-bootcamp\autonomy-bootcamp-2025-p2\modules\heartbeat\heartbeat_receiver_worker.py | heartbeat_receiver_worker | 68] Failed to receive Heartbeat
23:09:28: [WARNING] [C:\Users\chris\warg-autonomy-bootcamp\autonomy-bootcamp-2025-p2\modules\heartbeat\heartbeat_receiver.py | run | 53] 4 heartbeat(s) missed
23:09:28: [WARNING] [C:\Users\chris\warg-autonomy-bootcamp\autonomy-bootcamp-2025-p2\modules\heartbeat\heartbeat_receiver_worker.py | heartbeat_receiver_worker | 68] Failed to receive Heartbeat
23:09:29: [WARNING] [C:\Users\chris\warg-autonomy-bootcamp\autonomy-bootcamp-2025-p2\modules\heartbeat\heartbeat_receiver.py | run | 53] 5 heartbeat(s) missed
23:09:29: [WARNING] [C:\Users\chris\warg-autonomy-bootcamp\autonomy-bootcamp-2025-p2\modules\heartbeat\heartbeat_receiver.py | run | 56] Drone Disconnected
23:09:29: [WARNING] [C:\Users\chris\warg-autonomy-bootcamp\autonomy-bootcamp-2025-p2\modules\heartbeat\heartbeat_receiver_worker.py | heartbeat_receiver_worker | 68] Failed to receive Heartbeat
23:09:30: [WARNING] [C:\Users\chris\warg-autonomy-bootcamp\autonomy-bootcamp-2025-p2\modules\heartbeat\heartbeat_receiver.py | run | 53] 6 heartbeat(s) missed
23:09:30: [WARNING] [C:\Users\chris\warg-autonomy-bootcamp\autonomy-bootcamp-2025-p2\modules\heartbeat\heartbeat_receiver.py | run | 56] Drone Disconnected
23:09:30: [WARNING] [C:\Users\chris\warg-autonomy-bootcamp\autonomy-bootcamp-2025-p2\modules\heartbeat\heartbeat_receiver_worker.py | heartbeat_receiver_worker | 68] Failed to receive Heartbeat
23:09:31: [WARNING] [C:\Users\chris\warg-autonomy-bootcamp\autonomy-bootcamp-2025-p2\modules\heartbeat\heartbeat_receiver.py | run | 53] 7 heartbeat(s) missed
23:09:31: [WARNING] [C:\Users\chris\warg-autonomy-bootcamp\autonomy-bootcamp-2025-p2\modules\heartbeat\heartbeat_receiver.py | run | 56] Drone Disconnected
23:09:31: [WARNING] [C:\Users\chris\warg-autonomy-bootcamp\autonomy-bootcamp-2025-p2\modules\heartbeat\heartbeat_receiver_worker.py | heartbeat_receiver_worker | 68] Failed to receive Heartbeat
23:09:32: [WARNING] [C:\Users\chris\warg-autonomy-bootcamp\autonomy-bootcamp-2025-p2\modules\heartbeat\heartbeat_receiver.py | run | 53] 8 heartbeat(s) missed
23:09:32: [WARNING] [C:\Users\chris\warg-autonomy-bootcamp\autonomy-bootcamp-2025-p2\modules\heartbeat\heartbeat_receiver.py | run | 56] Drone Disconnected
23:09:32: [WARNING] [C:\Users\chris\warg-autonomy-bootcamp\autonomy-bootcamp-2025-p2\modules\heartbeat\heartbeat_receiver_worker.py | heartbeat_receiver_worker | 68] Failed to receive Heartbeat
23:09:33: [INFO] [C:\Users\chris\warg-autonomy-bootcamp\autonomy-bootcamp-2025-p2\modules\heartbeat\heartbeat_receiver.py | run | 50] Heartbeat message received
23:09:34: [WARNING] [C:\Users\chris\warg-autonomy-bootcamp\autonomy-bootcamp-2025-p2\modules\heartbeat\heartbeat_receiver.py | run | 53] 1 heartbeat(s) missed
23:09:34: [WARNING] [C:\Users\chris\warg-autonomy-bootcamp\autonomy-bootcamp-2025-p2\modules\heartbeat\heartbeat_receiver_worker.py | heartbeat_receiver_worker | 68] Failed to receive Heartbeat
23:09:34: [INFO] [C:\Users\chris\warg-autonomy-bootcamp\autonomy-bootcamp-2025-p2\modules\heartbeat\heartbeat_receiver.py | run | 50] Heartbeat message received
23:09:35: [INFO] [C:\Users\chris\warg-autonomy-bootcamp\autonomy-bootcamp-2025-p2\modules\heartbeat\heartbeat_receiver.py | run | 50] Heartbeat message received
23:09:36: [WARNING] [C:\Users\chris\warg-autonomy-bootcamp\autonomy-bootcamp-2025-p2\modules\heartbeat\heartbeat_receiver.py | run | 53] 1 heartbeat(s) missed
23:09:36: [WARNING] [C:\Users\chris\warg-autonomy-bootcamp\autonomy-bootcamp-2025-p2\modules\heartbeat\heartbeat_receiver_worker.py | heartbeat_receiver_worker | 68] Failed to receive Heartbeat
23:09:36: [INFO] [C:\Users\chris\warg-autonomy-bootcamp\autonomy-bootcamp-2025-p2\modules\heartbeat\heartbeat_receiver.py | run | 50] Heartbeat message received
23:09:37: [INFO] [C:\Users\chris\warg-autonomy-bootcamp\autonomy-bootcamp-2025-p2\modules\heartbeat\heartbeat_receiver.py | run | 50] Heartbeat message received
23:09:38: [WARNING] [C:\Users\chris\warg-autonomy-bootcamp\autonomy-bootcamp-2025-p2\modules\heartbeat\heartbeat_receiver.py | run | 53] 1 heartbeat(s) missed
23:09:38: [WARNING] [C:\Users\chris\warg-autonomy-bootcamp\autonomy-bootcamp-2025-p2\modules\heartbeat\heartbeat_receiver_worker.py | heartbeat_receiver_worker | 68] Failed to receive Heartbeat
23:09:39: [INFO] [C:\Users\chris\warg-autonomy-bootcamp\autonomy-bootcamp-2025-p2\modules\heartbeat\heartbeat_receiver.py | run | 50] Heartbeat message received
23:09:40: [WARNING] [C:\Users\chris\warg-autonomy-bootcamp\autonomy-bootcamp-2025-p2\modules\heartbeat\heartbeat_receiver.py | run | 53] 1 heartbeat(s) missed
23:09:40: [WARNING] [C:\Users\chris\warg-autonomy-bootcamp\autonomy-bootcamp-2025-p2\modules\heartbeat\heartbeat_receiver_worker.py | heartbeat_receiver_worker | 68] Failed to receive Heartbeat
23:09:41: [WARNING] [C:\Users\chris\warg-autonomy-bootcamp\autonomy-bootcamp-2025-p2\modules\heartbeat\heartbeat_receiver.py | run | 53] 2 heartbeat(s) missed
23:09:41: [WARNING] [C:\Users\chris\warg-autonomy-bootcamp\autonomy-bootcamp-2025-p2\modules\heartbeat\heartbeat_receiver_worker.py | heartbeat_receiver_worker | 68] Failed to receive Heartbeat
23:09:42: [WARNING] [C:\Users\chris\warg-autonomy-bootcamp\autonomy-bootcamp-2025-p2\modules\heartbeat\heartbeat_receiver.py | run | 53] 3 heartbeat(s) missed
23:09:42: [WARNING] [C:\Users\chris\warg-autonomy-bootcamp\autonomy-bootcamp-2025-p2\modules\heartbeat\heartbeat_receiver_worker.py | heartbeat_receiver_worker | 68] Failed to receive Heartbeat
23:09:43: [WARNING] [C:\Users\chris\warg-autonomy-bootcamp\autonomy-bootcamp-2025-p2\modules\heartbeat\heartbeat_receiver.py | run | 53] 4 heartbeat(s) missed
23:09:43: [WARNING] [C:\Users\chris\warg-autonomy-bootcamp\autonomy-bootcamp-2025-p2\modules\heartbeat\heartbeat_receiver_worker.py | heartbeat_receiver_worker | 68] Failed to receive Heartbeat
23:09:44: [WARNING] [C:\Users\chris\warg-autonomy-bootcamp\autonomy-bootcamp-2025-p2\modules\heartbeat\heartbeat_receiver.py | run | 53] 5 heartbeat(s) missed
23:09:44: [WARNING] [C:\Users\chris\warg-autonomy-bootcamp\autonomy-bootcamp-2025-p2\modules\heartbeat\heartbeat_receiver.py | run | 56] Drone Disconnected
23:09:44: [WARNING] [C:\Users\chris\warg-autonomy-bootcamp\autonomy-bootcamp-2025-p2\modules\heartbeat\heartbeat_receiver_worker.py | heartbeat_receiver_worker | 68] Failed to receive Heartbeat
23:09:45: [WARNING] [C:\Users\chris\warg-autonomy-bootcamp\autonomy-bootcamp-2025-p2\modules\heartbeat\heartbeat_receiver.py | run | 53] 6 heartbeat(s) missed
23:09:45: [WARNING] [C:\Users\chris\warg-autonomy-bootcamp\autonomy-bootcamp-2025-p2\modules\heartbeat\heartbeat_receiver.py | run | 56] Drone Disconnected
23:09:45: [WARNING] [C:\Users\chris\warg-autonomy-bootcamp\autonomy-bootcamp-2025-p2\modules\heartbeat\heartbeat_receiver_worker.py | heartbeat_receiver_worker | 68] Failed to receive Heartbeat
