23:09:51: [INFO] [C:\Users\chris\warg-autonomy-bootcamp\autonomy-bootcamp-2025-p2\modules\heartbeat\heartbeat_receiver_worker.py | heartbeat_receiver_worker | 48] Logger initialized
23:09:51: [INFO] [C:\Users\chris\warg-autonomy-bootcamp\autonomy-bootcamp-2025-p2\modules\heartbeat\heartbeat_receiver.py | run | 50] Heartbeat message received
23:09:51: [INFO] [C:\Users\chris\warg-autonomy-bootcamp\autonomy-bootcamp-2025-p2\modules\heartbeat\heartbeat_receiver.py | run | 50] Heartbeat message received
23:09:52: [WARNING] [C:\Users\chris\warg-autonomy-bootcamp\autonomy-bootcamp-2025-p2\modules\heartbeat\heartbeat_receiver.py | run | 53] 1 heartbeat(s) missed
23:09:52: [WARNING] [C:\Users\chris\warg-autonomy-bootcamp\autonomy-bootcamp-2025-p2\modules\heartbeat\heartbeat_receiver_worker.py | heartbeat_receiver_worker | 68] Failed to receive Heartbeat
23:09:52: [INFO] [C:\Users\chris\warg-autonomy-bootcamp\autonomy-bootcamp-2025-p2\modules\heartbeat\heartbeat_receiver.py | run | 50] Heartbeat message received
23:09:53: [INFO] [C:\Users\chris\warg-autonomy-bootcamp\autonomy-bootcamp-2025-p2\modules\heartbeat\heartbeat_receiver.py | run | 50] Heartbeat message received
23:09:54: [WARNING] [C:\Users\chris\warg-autonomy-bootcamp\autonomy-bootcamp-2025-p2\modules\heartbeat\heartbeat_receiver.py | run | 53] 1 heartbeat(s) missed
23:09:54: [WARNING] [C:\Users\chris\warg-autonomy-bootcamp\autonomy-bootcamp-2025-p2\modules\heartbeat\heartbeat_receiver_worker.py | heartbeat_receiver_worker | 68] Failed to receive Heartbeat
23:09:54: [INFO] [C:\Users\chris\warg-autonomy-bootcamp\autonomy-bootcamp-2025-p2\modules\heartbeat\heartbeat_receiver.py | run | 50] Heartbeat message received
23:09:55: [WARNING] [C:\Users\chris\warg-autonomy-bootcamp\autonomy-bootcamp-2025-p2\modules\heartbeat\heartbeat_receiver.py | run | 53] 1 heartbeat(s) missed
23:09:55: [WARNING] [C:\Users\chris\warg-autonomy-bootcamp\autonomy-bootcamp-2025-p2\modules\heartbeat\heartbeat_receiver_worker.py | heartbeat_receiver_worker | 68] Failed to receive Heartbeat
23:09:56: [WARNING] [C:\Users\chris\warg-autonomy-bootcamp\autonomy-bootcamp-2025-p2\modules\heartbeat\heartbeat_receiver.py | run | 53] 2 heartbeat(s) missed
23:09:56: [WARNING] [C:\Users\chris\warg-autonomy-bootcamp\autonomy-bootcamp-2025-p2\modules\heartbeat\heartbeat_receiver_worker.py | heartbeat_receiver_worker | 68] Failed to receive Heartbeat
23:09:57: [WARNING] [C:\Users\chris\warg-autonomy-bootcamp\autonomy-bootcamp-2025-p2\modules\heartbeat\heartbeat_receiver.py | run | 53] 3 heartbeat(s) missed
23:09:57: [WARNING] [C:\Users\chris\warg-autonomy-bootcamp\autonomy-bootcamp-2025-p2\modules\heartbeat\heartbeat_receiver_worker.py | heartbeat_receiver_worker | 68] Failed to receive Heartbeat
23:09:58: [WARNING] [C:\Users\chris\warg-autonomy-bootcamp\autonomy-bootcamp-2025-p2\modules\heartbeat\heartbeat_receiver.py | run | 53] 4 heartbeat(s) missed
23:09:58: [WARNING] [C:\Users\chris\warg-autonomy-bootcamp\autonomy-bootcamp-2025-p2\modules\heartbeat\heartbeat_receiver_worker.py | heartbeat_receiver_worker | 68] Failed to receive Heartbeat
23:09:59: [WARNING] [C:\Users\chris\warg-autonomy-bootcamp\autonomy-bootcamp-2025-p2\modules\heartbeat\heartbeat_receiver.py | run | 53] 5 heartbeat(s) missed
23:09:59: [WARNING] [C:\Users\chris\warg-autonomy-bootcamp\autonomy-bootcamp-2025-p2\modules\heartbeat\heartbeat_receiver.py | run | 56] Drone Disconnected
23:09:59: [WARNING] [C:\Users\chris\warg-autonomy-bootcamp\autonomy-bootcamp-2025-p2\modules\heartbeat\heartbeat_receiver_worker.py | heartbeat_receiver_worker | 68] Failed to receive Heartbeat
23:10:00: [WARNING] [C:\Users\chris\warg-autonomy-bootcamp\autonomy-bootcamp-2025-p2\modules\heartbeat\heartbeat_receiver.py | run | 53] 6 heartbeat(s) missed
23:10:00: [WARNING] [C:\Users\chris\warg-autonomy-bootcamp\autonomy-bootcamp-2025-p2\modules\heartbeat\heartbeat_receiver.py | run | 56] Drone Disconnected
23:10:00: [WARNING] [C:\Users\chris\warg-autonomy-bootcamp\autonomy-bootcamp-2025-p2\modules\heartbeat\heartbeat_receiver_worker.py | heartbeat_receiver_worker | 68] Failed to receive Heartbeat
23:10:01: [WARNING] [C:\Users\chris\warg-autonomy-bootcamp\autonomy-bootcamp-2025-p2\modules\heartbeat\heartbeat_receiver.py | run | 53] 7 heartbeat(s) missed
23:10:01: [WARNING] [C:\Users\chris\warg-autonomy-bootcamp\autonomy-bootcamp-2025-p2\modules\heartbeat\heartbeat_receiver.py | run | 56] Drone Disconnected
23:10:01: [WARNING] [C:\Users\chris\warg-autonomy-bootcamp\autonomy-bootcamp-2025-p2\modules\heartbeat\heartbeat_receiver_worker.py | heartbeat_receiver_worker | 68] Failed to receive Heartbeat
23:10:02: [WARNING] [C:\Users\chris\warg-autonomy-bootcamp\autonomy-bootcamp-2025-p2\modules\heartbeat\heartbeat_receiver.py | run | 53] 8 heartbeat(s) missed
23:10:02: [WARNING] [C:\Users\chris\warg-autonomy-bootcamp\autonomy-bootcamp-2025-p2\modules\heartbeat\heartbeat_receiver.py | run | 56] Drone Disconnected
23:10:02: [WARNING] [C:\Users\chris\warg-autonomy-bootcamp\autonomy-bootcamp-2025-p2\modules\heartbeat\heartbeat_receiver_worker.py | heartbeat_receiver_worker | 68] Failed to receive Heartbeat
23:10:03: [INFO] [C:\Users\chris\warg-autonomy-bootcamp\autonomy-bootcamp-2025-p2\modules\heartbeat\heartbeat_receiver.py | run | 50] Heartbeat message received
23:10:04: [WARNING] [C:\Users\chris\warg-autonomy-bootcamp\autonomy-bootcamp-2025-p2\modules\heartbeat\heartbeat_receiver.py | run | 53] 1 heartbeat(s) missed
23:10:04: [WARNING] [C:\Users\chris\warg-autonomy-bootcamp\autonomy-bootcamp-2025-p2\modules\heartbeat\heartbeat_receiver_worker.py | heartbeat_receiver_worker | 68] Failed to receive Heartbeat
23:10:04: [INFO] [C:\Users\chris\warg-autonomy-bootcamp\autonomy-bootcamp-2025-p2\modules\heartbeat\heartbeat_receiver.py | run | 50] Heartbeat message received
23:10:05: [WARNING] [C:\Users\chris\warg-autonomy-bootcamp\autonomy-bootcamp-2025-p2\modules\heartbeat\heartbeat_receiver.py | run | 53] 1 heartbeat(s) missed
23:10:05: [WARNING] [C:\Users\chris\warg-autonomy-bootcamp\autonomy-bootcamp-2025-p2\modules\heartbeat\heartbeat_receiver_worker.py | heartbeat_receiver_worker | 68] Failed to receive Heartbeat
23:10:05: [INFO] [C:\Users\chris\warg-autonomy-bootcamp\autonomy-bootcamp-2025-p2\modules\heartbeat\heartbeat_receiver.py | run | 50] Heartbeat message received
23:10:06: [WARNING] [C:\Users\chris\warg-autonomy-bootcamp\autonomy-bootcamp-2025-p2\modules\heartbeat\heartbeat_receiver.py | run | 53] 1 heartbeat(s) missed
23:10:06: [WARNING] [C:\Users\chris\warg-autonomy-bootcamp\autonomy-bootcamp-2025-p2\modules\heartbeat\heartbeat_receiver_worker.py | heartbeat_receiver_worker | 68] Failed to receive Heartbeat
23:10:06: [INFO] [C:\Users\chris\warg-autonomy-bootcamp\autonomy-bootcamp-2025-p2\modules\heartbeat\heartbeat_receiver.py | run | 50] Heartbeat message received
23:10:07: [INFO] [C:\Users\chris\warg-autonomy-bootcamp\autonomy-bootcamp-2025-p2\modules\heartbeat\heartbeat_receiver.py | run | 50] Heartbeat message received
23:10:08: [WARNING] [C:\Users\chris\warg-autonomy-bootcamp\autonomy-bootcamp-2025-p2\modules\heartbeat\heartbeat_receiver.py | run | 53] 1 heartbeat(s) missed
23:10:08: [WARNING] [C:\Users\chris\warg-autonomy-bootcamp\autonomy-bootcamp-2025-p2\modules\heartbeat\heartbeat_receiver_worker.py | heartbeat_receiver_worker | 68] Failed to receive Heartbeat
