17:36:32: [INFO] [C:\Users\chris\warg-autonomy-bootcamp\autonomy-bootcamp-2025-p2\modules\common\modules\logger\logger_main_setup.py | setup_main_logger | 62] main logger initialized
17:36:33: [INFO] [C:\Users\chris\warg-autonomy-bootcamp\autonomy-bootcamp-2025-p2\tests\integration\test_command.py | main | 136] Connected!
17:36:34: [INFO] [C:\Users\chris\warg-autonomy-bootcamp\autonomy-bootcamp-2025-p2\tests\integration\test_command.py | read_queue | 80] CHANGE_ALTITUDE 1.00
17:36:34: [INFO] [C:\Users\chris\warg-autonomy-bootcamp\autonomy-bootcamp-2025-p2\tests\integration\test_command.py | read_queue | 80] CHANGE_ALTITUDE -1.00
17:36:37: [INFO] [C:\Users\chris\warg-autonomy-bootcamp\autonomy-bootcamp-2025-p2\tests\integration\test_command.py | read_queue | 80] CHANGING YAW 63.43
17:36:38: [INFO] [C:\Users\chris\warg-autonomy-bootcamp\autonomy-bootcamp-2025-p2\tests\integration\test_command.py | read_queue | 80] CHANGING YAW 90.00
17:36:38: [INFO] [C:\Users\chris\warg-autonomy-bootcamp\autonomy-bootcamp-2025-p2\tests\integration\test_command.py | read_queue | 80] CHANGING YAW 116.57
17:36:39: [INFO] [C:\Users\chris\warg-autonomy-bootcamp\autonomy-bootcamp-2025-p2\tests\integration\test_command.py | read_queue | 80] CHANGING YAW 45.00
17:36:39: [INFO] [C:\Users\chris\warg-autonomy-bootcamp\autonomy-bootcamp-2025-p2\tests\integration\test_command.py | read_queue | 80] CHANGING YAW 63.43
17:36:40: [INFO] [C:\Users\chris\warg-autonomy-bootcamp\autonomy-bootcamp-2025-p2\tests\integration\test_command.py | read_queue | 80] CHANGING YAW 90.00
17:36:40: [INFO] [C:\Users\chris\warg-autonomy-bootcamp\autonomy-bootcamp-2025-p2\tests\integration\test_command.py | read_queue | 80] CHANGING YAW 26.57
17:36:41: [INFO] [C:\Users\chris\warg-autonomy-bootcamp\autonomy-bootcamp-2025-p2\tests\integration\test_command.py | read_queue | 80] CHANGING YAW 45.00
17:36:41: [INFO] [C:\Users\chris\warg-autonomy-bootcamp\autonomy-bootcamp-2025-p2\tests\integration\test_command.py | read_queue | 80] CHANGING YAW 90.00
17:36:42: [INFO] [C:\Users\chris\warg-autonomy-bootcamp\autonomy-bootcamp-2025-p2\tests\integration\test_command.py | read_queue | 80] CHANGING YAW 45.00
17:36:42: [INFO] [C:\Users\chris\warg-autonomy-bootcamp\autonomy-bootcamp-2025-p2\tests\integration\test_command.py | read_queue | 80] CHANGING YAW 90.00
17:36:43: [INFO] [C:\Users\chris\warg-autonomy-bootcamp\autonomy-bootcamp-2025-p2\tests\integration\test_command.py | read_queue | 80] CHANGING YAW 135.00
17:36:43: [INFO] [C:\Users\chris\warg-autonomy-bootcamp\autonomy-bootcamp-2025-p2\tests\integration\test_command.py | read_queue | 80] CHANGING YAW -26.57
17:36:44: [INFO] [C:\Users\chris\warg-autonomy-bootcamp\autonomy-bootcamp-2025-p2\tests\integration\test_command.py | read_queue | 80] CHANGING YAW -45.00
17:36:44: [INFO] [C:\Users\chris\warg-autonomy-bootcamp\autonomy-bootcamp-2025-p2\tests\integration\test_command.py | read_queue | 80] CHANGING YAW -90.00
17:36:45: [INFO] [C:\Users\chris\warg-autonomy-bootcamp\autonomy-bootcamp-2025-p2\tests\integration\test_command.py | read_queue | 80] CHANGING YAW -45.00
17:36:45: [INFO] [C:\Users\chris\warg-autonomy-bootcamp\autonomy-bootcamp-2025-p2\tests\integration\test_command.py | read_queue | 80] CHANGING YAW -90.00
17:36:46: [INFO] [C:\Users\chris\warg-autonomy-bootcamp\autonomy-bootcamp-2025-p2\tests\integration\test_command.py | read_queue | 80] CHANGING YAW -135.00
17:36:46: [INFO] [C:\Users\chris\warg-autonomy-bootcamp\autonomy-bootcamp-2025-p2\tests\integration\test_command.py | read_queue | 80] CHANGING YAW -63.43
17:36:47: [INFO] [C:\Users\chris\warg-autonomy-bootcamp\autonomy-bootcamp-2025-p2\tests\integration\test_command.py | read_queue | 80] CHANGING YAW -90.00
17:36:47: [INFO] [C:\Users\chris\warg-autonomy-bootcamp\autonomy-bootcamp-2025-p2\tests\integration\test_command.py | read_queue | 80] CHANGING YAW -116.57
17:36:48: [INFO] [C:\Users\chris\warg-autonomy-bootcamp\autonomy-bootcamp-2025-p2\tests\integration\test_command.py | read_queue | 80] CHANGING YAW -45.00
17:36:48: [INFO] [C:\Users\chris\warg-autonomy-bootcamp\autonomy-bootcamp-2025-p2\tests\integration\test_command.py | read_queue | 80] CHANGING YAW -63.43
17:36:49: [INFO] [C:\Users\chris\warg-autonomy-bootcamp\autonomy-bootcamp-2025-p2\tests\integration\test_command.py | read_queue | 80] CHANGING YAW -90.00
17:36:49: [INFO] [C:\Users\chris\warg-autonomy-bootcamp\autonomy-bootcamp-2025-p2\tests\integration\test_command.py | read_queue | 80] None
17:36:49: [INFO] [C:\Users\chris\warg-autonomy-bootcamp\autonomy-bootcamp-2025-p2\tests\integration\test_command.py | read_queue | 80] None
17:36:49: [INFO] [C:\Users\chris\warg-autonomy-bootcamp\autonomy-bootcamp-2025-p2\tests\integration\test_command.py | read_queue | 80] None
17:36:49: [INFO] [C:\Users\chris\warg-autonomy-bootcamp\autonomy-bootcamp-2025-p2\tests\integration\test_command.py | read_queue | 80] None
17:36:49: [INFO] [C:\Users\chris\warg-autonomy-bootcamp\autonomy-bootcamp-2025-p2\tests\integration\test_command.py | read_queue | 80] None
17:36:49: [INFO] [C:\Users\chris\warg-autonomy-bootcamp\autonomy-bootcamp-2025-p2\tests\integration\test_command.py | read_queue | 80] None
17:36:49: [INFO] [C:\Users\chris\warg-autonomy-bootcamp\autonomy-bootcamp-2025-p2\tests\integration\test_command.py | read_queue | 80] None
17:36:49: [INFO] [C:\Users\chris\warg-autonomy-bootcamp\autonomy-bootcamp-2025-p2\tests\integration\test_command.py | read_queue | 80] None
17:36:49: [INFO] [C:\Users\chris\warg-autonomy-bootcamp\autonomy-bootcamp-2025-p2\tests\integration\test_command.py | read_queue | 80] None
17:36:49: [INFO] [C:\Users\chris\warg-autonomy-bootcamp\autonomy-bootcamp-2025-p2\tests\integration\test_command.py | read_queue | 80] None
